/usr/local/lib/python3.14/site-packages/torch/cuda/__init__.py:61: FutureWarning: The pynvml package is deprecated. Please install nvidia-ml-py instead. If you did not install pynvml directly, please report this to the maintainers of the package that installed pynvml for you.
  import pynvml  # type: ignore[import]
/usr/local/lib/python3.14/site-packages/torchvision/datasets/cifar.py:83: VisibleDeprecationWarning: dtype(): align should be passed as Python or NumPy boolean but got `align=0`. Did you mean to pass a tuple to create a subarray type? (Deprecated NumPy 2.4)
  entry = pickle.load(f, encoding="latin1")
/usr/local/lib/python3.14/site-packages/torch/cuda/__init__.py:61: FutureWarning: The pynvml package is deprecated. Please install nvidia-ml-py instead. If you did not install pynvml directly, please report this to the maintainers of the package that installed pynvml for you.
  import pynvml  # type: ignore[import]
Epoch 100/2000 | Train: 51.20% | Test: 49.35% | LR: 0.099384
  -> New best: 49.35%
Epoch 200/2000 | Train: 51.93% | Test: 49.02% | LR: 0.097553
Epoch 300/2000 | Train: 52.16% | Test: 48.04% | LR: 0.094550
Epoch 400/2000 | Train: 53.04% | Test: 48.86% | LR: 0.090451
Epoch 500/2000 | Train: 53.42% | Test: 50.36% | LR: 0.085355
  -> New best: 50.36%
Epoch 600/2000 | Train: 54.46% | Test: 49.62% | LR: 0.079389
Epoch 700/2000 | Train: 55.31% | Test: 47.99% | LR: 0.072700
Epoch 800/2000 | Train: 56.22% | Test: 49.61% | LR: 0.065451
Epoch 900/2000 | Train: 57.83% | Test: 50.05% | LR: 0.057822
Epoch 1000/2000 | Train: 59.06% | Test: 52.23% | LR: 0.050000
  -> New best: 52.23%
Epoch 1100/2000 | Train: 60.54% | Test: 52.18% | LR: 0.042178
Epoch 1200/2000 | Train: 62.73% | Test: 53.07% | LR: 0.034549
  -> New best: 53.07%
Epoch 1300/2000 | Train: 64.76% | Test: 54.48% | LR: 0.027300
  -> New best: 54.48%
Epoch 1400/2000 | Train: 67.26% | Test: 53.98% | LR: 0.020611
Epoch 1500/2000 | Train: 70.62% | Test: 54.30% | LR: 0.014645
Epoch 1600/2000 | Train: 74.20% | Test: 56.19% | LR: 0.009549
  -> New best: 56.19%
Epoch 1700/2000 | Train: 78.16% | Test: 55.75% | LR: 0.005450
Epoch 1800/2000 | Train: 83.20% | Test: 57.73% | LR: 0.002447
  -> New best: 57.73%
Epoch 1900/2000 | Train: 88.61% | Test: 58.74% | LR: 0.000616
  -> New best: 58.74%
Epoch 2000/2000 | Train: 90.88% | Test: 59.24% | LR: 0.000000
  -> New best: 59.24%

Best test accuracy: 59.24%
Warning: You are sending unauthenticated requests to the HF Hub. Please set a HF_TOKEN to enable higher rate limits and faster downloads.
Processing train split...
Processing test split...
Traceback (most recent call last):
  File "/workspace/train_teacher.py", line 153, in <module>
    generate_soft_labels_from_teacher()
    ~~~~~~~~~~~~~~~~~~~~~~~~~~~~~~~~~^^
  File "/workspace/train_teacher.py", line 130, in generate_soft_labels_from_teacher
    correct += predicted.eq(labels).sum().item()
               ~~~~~~~~~~~~^^^^^^^^
RuntimeError: Expected all tensors to be on the same device, but found at least two devices, cuda:0 and cpu!
